Archive member included to satisfy reference by file (symbol)

c:/st/stm32cubeide_1.0.2/stm32cubeide/plugins/com.st.stm32cube.ide.mcu.externaltools.gnu-tools-for-stm32.7-2018-q2-update.win32_1.0.0.201904181610/tools/bin/../lib/gcc/arm-none-eabi/7.3.1/../../../../arm-none-eabi/lib/thumb/v7-m\libc_nano.a(lib_a-errno.o)
                              Core/Src/syscalls.o (__errno)
c:/st/stm32cubeide_1.0.2/stm32cubeide/plugins/com.st.stm32cube.ide.mcu.externaltools.gnu-tools-for-stm32.7-2018-q2-update.win32_1.0.0.201904181610/tools/bin/../lib/gcc/arm-none-eabi/7.3.1/../../../../arm-none-eabi/lib/thumb/v7-m\libc_nano.a(lib_a-exit.o)
                              c:/st/stm32cubeide_1.0.2/stm32cubeide/plugins/com.st.stm32cube.ide.mcu.externaltools.gnu-tools-for-stm32.7-2018-q2-update.win32_1.0.0.201904181610/tools/bin/../lib/gcc/arm-none-eabi/7.3.1/../../../../arm-none-eabi/lib/thumb/v7-m/crt0.o (exit)
c:/st/stm32cubeide_1.0.2/stm32cubeide/plugins/com.st.stm32cube.ide.mcu.externaltools.gnu-tools-for-stm32.7-2018-q2-update.win32_1.0.0.201904181610/tools/bin/../lib/gcc/arm-none-eabi/7.3.1/../../../../arm-none-eabi/lib/thumb/v7-m\libc_nano.a(lib_a-impure.o)
                              c:/st/stm32cubeide_1.0.2/stm32cubeide/plugins/com.st.stm32cube.ide.mcu.externaltools.gnu-tools-for-stm32.7-2018-q2-update.win32_1.0.0.201904181610/tools/bin/../lib/gcc/arm-none-eabi/7.3.1/../../../../arm-none-eabi/lib/thumb/v7-m\libc_nano.a(lib_a-exit.o) (_global_impure_ptr)
c:/st/stm32cubeide_1.0.2/stm32cubeide/plugins/com.st.stm32cube.ide.mcu.externaltools.gnu-tools-for-stm32.7-2018-q2-update.win32_1.0.0.201904181610/tools/bin/../lib/gcc/arm-none-eabi/7.3.1/../../../../arm-none-eabi/lib/thumb/v7-m\libc_nano.a(lib_a-init.o)
                              c:/st/stm32cubeide_1.0.2/stm32cubeide/plugins/com.st.stm32cube.ide.mcu.externaltools.gnu-tools-for-stm32.7-2018-q2-update.win32_1.0.0.201904181610/tools/bin/../lib/gcc/arm-none-eabi/7.3.1/../../../../arm-none-eabi/lib/thumb/v7-m/crt0.o (__libc_init_array)
c:/st/stm32cubeide_1.0.2/stm32cubeide/plugins/com.st.stm32cube.ide.mcu.externaltools.gnu-tools-for-stm32.7-2018-q2-update.win32_1.0.0.201904181610/tools/bin/../lib/gcc/arm-none-eabi/7.3.1/../../../../arm-none-eabi/lib/thumb/v7-m\libc_nano.a(lib_a-memcpy-stub.o)
                              Middlewares/Third_Party/FreeRTOS/Source/queue.o (memcpy)
c:/st/stm32cubeide_1.0.2/stm32cubeide/plugins/com.st.stm32cube.ide.mcu.externaltools.gnu-tools-for-stm32.7-2018-q2-update.win32_1.0.0.201904181610/tools/bin/../lib/gcc/arm-none-eabi/7.3.1/../../../../arm-none-eabi/lib/thumb/v7-m\libc_nano.a(lib_a-memset.o)
                              c:/st/stm32cubeide_1.0.2/stm32cubeide/plugins/com.st.stm32cube.ide.mcu.externaltools.gnu-tools-for-stm32.7-2018-q2-update.win32_1.0.0.201904181610/tools/bin/../lib/gcc/arm-none-eabi/7.3.1/../../../../arm-none-eabi/lib/thumb/v7-m/crt0.o (memset)

Allocating common symbols
Common symbol       size              file

defaultTaskHandle   0x4               Core/Src/main.o
uwTick              0x4               Drivers/STM32F1xx_HAL_Driver/Src/stm32f1xx_hal.o
xQueueRegistry      0x40              Middlewares/Third_Party/FreeRTOS/Source/queue.o
pFlash              0x20              Drivers/STM32F1xx_HAL_Driver/Src/stm32f1xx_hal_flash.o

Discarded input sections

 .text          0x0000000000000000        0x0 c:/st/stm32cubeide_1.0.2/stm32cubeide/plugins/com.st.stm32cube.ide.mcu.externaltools.gnu-tools-for-stm32.7-2018-q2-update.win32_1.0.0.201904181610/tools/bin/../lib/gcc/arm-none-eabi/7.3.1/thumb/v7-m/crti.o
 .data          0x0000000000000000        0x0 c:/st/stm32cubeide_1.0.2/stm32cubeide/plugins/com.st.stm32cube.ide.mcu.externaltools.gnu-tools-for-stm32.7-2018-q2-update.win32_1.0.0.201904181610/tools/bin/../lib/gcc/arm-none-eabi/7.3.1/thumb/v7-m/crti.o
 .bss           0x0000000000000000        0x0 c:/st/stm32cubeide_1.0.2/stm32cubeide/plugins/com.st.stm32cube.ide.mcu.externaltools.gnu-tools-for-stm32.7-2018-q2-update.win32_1.0.0.201904181610/tools/bin/../lib/gcc/arm-none-eabi/7.3.1/thumb/v7-m/crti.o
 .data          0x0000000000000000        0x4 c:/st/stm32cubeide_1.0.2/stm32cubeide/plugins/com.st.stm32cube.ide.mcu.externaltools.gnu-tools-for-stm32.7-2018-q2-update.win32_1.0.0.201904181610/tools/bin/../lib/gcc/arm-none-eabi/7.3.1/thumb/v7-m/crtbegin.o
 .text          0x0000000000000000       0x74 c:/st/stm32cubeide_1.0.2/stm32cubeide/plugins/com.st.stm32cube.ide.mcu.externaltools.gnu-tools-for-stm32.7-2018-q2-update.win32_1.0.0.201904181610/tools/bin/../lib/gcc/arm-none-eabi/7.3.1/../../../../arm-none-eabi/lib/thumb/v7-m/crt0.o
 .data          0x0000000000000000        0x0 c:/st/stm32cubeide_1.0.2/stm32cubeide/plugins/com.st.stm32cube.ide.mcu.externaltools.gnu-tools-for-stm32.7-2018-q2-update.win32_1.0.0.201904181610/tools/bin/../lib/gcc/arm-none-eabi/7.3.1/../../../../arm-none-eabi/lib/thumb/v7-m/crt0.o
[...]
Memory Configuration

Name             Origin             Length             Attributes
RAM              0x0000000020000000 0x0000000000005000 xrw
FLASH            0x0000000008000000 0x0000000000010000 xr
*default*        0x0000000000000000 0xffffffffffffffff

Linker script and memory map

LOAD c:/st/stm32cubeide_1.0.2/stm32cubeide/plugins/com.st.stm32cube.ide.mcu.externaltools.gnu-tools-for-stm32.7-2018-q2-update.win32_1.0.0.201904181610/tools/bin/../lib/gcc/arm-none-eabi/7.3.1/thumb/v7-m/crti.o
LOAD c:/st/stm32cubeide_1.0.2/stm32cubeide/plugins/com.st.stm32cube.ide.mcu.externaltools.gnu-tools-for-stm32.7-2018-q2-update.win32_1.0.0.201904181610/tools/bin/../lib/gcc/arm-none-eabi/7.3.1/thumb/v7-m/crtbegin.o
LOAD c:/st/stm32cubeide_1.0.2/stm32cubeide/plugins/com.st.stm32cube.ide.mcu.externaltools.gnu-tools-for-stm32.7-2018-q2-update.win32_1.0.0.201904181610/tools/bin/../lib/gcc/arm-none-eabi/7.3.1/../../../../arm-none-eabi/lib/thumb/v7-m/crt0.o
LOAD Core/Src/freertos.o
LOAD Core/Src/main.o
LOAD Core/Src/stm32f1xx_hal_msp.o
LOAD Core/Src/stm32f1xx_it.o
LOAD Core/Src/syscalls.o
LOAD Core/Src/sysmem.o
LOAD Core/Src/system_stm32f1xx.o
LOAD Core/Startup/startup_stm32f103c8tx.o
LOAD Drivers/STM32F1xx_HAL_Driver/Src/stm32f1xx_hal.o
LOAD Drivers/STM32F1xx_HAL_Driver/Src/stm32f1xx_hal_cortex.o
LOAD Drivers/STM32F1xx_HAL_Driver/Src/stm32f1xx_hal_dma.o
LOAD Drivers/STM32F1xx_HAL_Driver/Src/stm32f1xx_hal_exti.o
LOAD Drivers/STM32F1xx_HAL_Driver/Src/stm32f1xx_hal_flash.o
LOAD Drivers/STM32F1xx_HAL_Driver/Src/stm32f1xx_hal_flash_ex.o
LOAD Drivers/STM32F1xx_HAL_Driver/Src/stm32f1xx_hal_gpio.o
LOAD Drivers/STM32F1xx_HAL_Driver/Src/stm32f1xx_hal_gpio_ex.o
LOAD Drivers/STM32F1xx_HAL_Driver/Src/stm32f1xx_hal_pwr.o
LOAD Drivers/STM32F1xx_HAL_Driver/Src/stm32f1xx_hal_rcc.o
LOAD Drivers/STM32F1xx_HAL_Driver/Src/stm32f1xx_hal_rcc_ex.o
LOAD Drivers/STM32F1xx_HAL_Driver/Src/stm32f1xx_hal_tim.o
LOAD Drivers/STM32F1xx_HAL_Driver/Src/stm32f1xx_hal_tim_ex.o
LOAD Middlewares/Third_Party/FreeRTOS/Source/CMSIS_RTOS/cmsis_os.o
LOAD Middlewares/Third_Party/FreeRTOS/Source/croutine.o
LOAD Middlewares/Third_Party/FreeRTOS/Source/event_groups.o
LOAD Middlewares/Third_Party/FreeRTOS/Source/list.o
LOAD Middlewares/Third_Party/FreeRTOS/Source/queue.o
LOAD Middlewares/Third_Party/FreeRTOS/Source/stream_buffer.o
LOAD Middlewares/Third_Party/FreeRTOS/Source/tasks.o
LOAD Middlewares/Third_Party/FreeRTOS/Source/timers.o
LOAD Middlewares/Third_Party/FreeRTOS/Source/portable/GCC/ARM_CM3/port.o
LOAD Middlewares/Third_Party/FreeRTOS/Source/portable/MemMang/heap_4.o
START GROUP
LOAD c:/st/stm32cubeide_1.0.2/stm32cubeide/plugins/com.st.stm32cube.ide.mcu.externaltools.gnu-tools-for-stm32.7-2018-q2-update.win32_1.0.0.201904181610/tools/bin/../lib/gcc/arm-none-eabi/7.3.1/../../../../arm-none-eabi/lib/thumb/v7-m\libc_nano.a
LOAD c:/st/stm32cubeide_1.0.2/stm32cubeide/plugins/com.st.stm32cube.ide.mcu.externaltools.gnu-tools-for-stm32.7-2018-q2-update.win32_1.0.0.201904181610/tools/bin/../lib/gcc/arm-none-eabi/7.3.1/../../../../arm-none-eabi/lib/thumb/v7-m\libm.a
END GROUP
START GROUP
LOAD c:/st/stm32cubeide_1.0.2/stm32cubeide/plugins/com.st.stm32cube.ide.mcu.externaltools.gnu-tools-for-stm32.7-2018-q2-update.win32_1.0.0.201904181610/tools/bin/../lib/gcc/arm-none-eabi/7.3.1/thumb/v7-m\libgcc.a
LOAD c:/st/stm32cubeide_1.0.2/stm32cubeide/plugins/com.st.stm32cube.ide.mcu.externaltools.gnu-tools-for-stm32.7-2018-q2-update.win32_1.0.0.201904181610/tools/bin/../lib/gcc/arm-none-eabi/7.3.1/../../../../arm-none-eabi/lib/thumb/v7-m\libc_nano.a
END GROUP
START GROUP
LOAD c:/st/stm32cubeide_1.0.2/stm32cubeide/plugins/com.st.stm32cube.ide.mcu.externaltools.gnu-tools-for-stm32.7-2018-q2-update.win32_1.0.0.201904181610/tools/bin/../lib/gcc/arm-none-eabi/7.3.1/thumb/v7-m\libgcc.a
LOAD c:/st/stm32cubeide_1.0.2/stm32cubeide/plugins/com.st.stm32cube.ide.mcu.externaltools.gnu-tools-for-stm32.7-2018-q2-update.win32_1.0.0.201904181610/tools/bin/../lib/gcc/arm-none-eabi/7.3.1/../../../../arm-none-eabi/lib/thumb/v7-m\libc_nano.a
LOAD c:/st/stm32cubeide_1.0.2/stm32cubeide/plugins/com.st.stm32cube.ide.mcu.externaltools.gnu-tools-for-stm32.7-2018-q2-update.win32_1.0.0.201904181610/tools/bin/../lib/gcc/arm-none-eabi/7.3.1/../../../../arm-none-eabi/lib/thumb/v7-m\libnosys.a
END GROUP
START GROUP
LOAD c:/st/stm32cubeide_1.0.2/stm32cubeide/plugins/com.st.stm32cube.ide.mcu.externaltools.gnu-tools-for-stm32.7-2018-q2-update.win32_1.0.0.201904181610/tools/bin/../lib/gcc/arm-none-eabi/7.3.1/thumb/v7-m\libgcc.a
LOAD c:/st/stm32cubeide_1.0.2/stm32cubeide/plugins/com.st.stm32cube.ide.mcu.externaltools.gnu-tools-for-stm32.7-2018-q2-update.win32_1.0.0.201904181610/tools/bin/../lib/gcc/arm-none-eabi/7.3.1/../../../../arm-none-eabi/lib/thumb/v7-m\libc_nano.a
LOAD c:/st/stm32cubeide_1.0.2/stm32cubeide/plugins/com.st.stm32cube.ide.mcu.externaltools.gnu-tools-for-stm32.7-2018-q2-update.win32_1.0.0.201904181610/tools/bin/../lib/gcc/arm-none-eabi/7.3.1/../../../../arm-none-eabi/lib/thumb/v7-m\libnosys.a
END GROUP
LOAD c:/st/stm32cubeide_1.0.2/stm32cubeide/plugins/com.st.stm32cube.ide.mcu.externaltools.gnu-tools-for-stm32.7-2018-q2-update.win32_1.0.0.201904181610/tools/bin/../lib/gcc/arm-none-eabi/7.3.1/thumb/v7-m/crtend.o
LOAD c:/st/stm32cubeide_1.0.2/stm32cubeide/plugins/com.st.stm32cube.ide.mcu.externaltools.gnu-tools-for-stm32.7-2018-q2-update.win32_1.0.0.201904181610/tools/bin/../lib/gcc/arm-none-eabi/7.3.1/thumb/v7-m/crtn.o
                0x0000000020005000                _estack = (ORIGIN (RAM) + LENGTH (RAM))
                0x0000000000000200                _Min_Heap_Size = 0x200
                0x0000000000000400                _Min_Stack_Size = 0x400

.isr_vector     0x0000000008000000      0x10c
                0x0000000008000000                . = ALIGN (0x4)
 *(.isr_vector)
 .isr_vector    0x0000000008000000      0x10c Core/Startup/startup_stm32f103c8tx.o
                0x0000000008000000                g_pfnVectors
                0x000000000800010c                . = ALIGN (0x4)

.text           0x0000000008000110     0x2504
                0x0000000008000110                . = ALIGN (0x4)
 *(.text)
 .text          0x0000000008000110       0x40 c:/st/stm32cubeide_1.0.2/stm32cubeide/plugins/com.st.stm32cube.ide.mcu.externaltools.gnu-tools-for-stm32.7-2018-q2-update.win32_1.0.0.201904181610/tools/bin/../lib/gcc/arm-none-eabi/7.3.1/thumb/v7-m/crtbegin.o
 *(.text*)
 .text.vApplicationGetIdleTaskMemory
                0x0000000008000150       0x30 Core/Src/freertos.o
                0x0000000008000150                vApplicationGetIdleTaskMemory
 .text.main     0x0000000008000180       0x64 Core/Src/main.o
                0x0000000008000180                main
 .text.SystemClock_Config
                0x00000000080001e4       0x76 Core/Src/main.o
                0x00000000080001e4                SystemClock_Config
 *fill*         0x000000000800025a        0x2 
 .text.MX_GPIO_Init
                0x000000000800025c       0x68 Core/Src/main.o
 .text.StartDefaultTask
                0x00000000080002c4       0x10 Core/Src/main.o
                0x00000000080002c4                StartDefaultTask
 .text.Error_Handler
                0x00000000080002d4        0xc Core/Src/main.o
                0x00000000080002d4                Error_Handler
 .text.blink_function
                0x00000000080002e0       0x30 Core/Src/main.o
                0x00000000080002e0                blink_function
 .text.HAL_MspInit
                0x0000000008000310       0x70 Core/Src/stm32f1xx_hal_msp.o
                0x0000000008000310                HAL_MspInit
 .text.NMI_Handler
                0x0000000008000380        0xc Core/Src/stm32f1xx_it.o
                0x0000000008000380                NMI_Handler
 .text.HardFault_Handler
                0x000000000800038c        0x6 Core/Src/stm32f1xx_it.o
                0x000000000800038c                HardFault_Handler
 .text.MemManage_Handler
                0x0000000008000392        0x6 Core/Src/stm32f1xx_it.o
                0x0000000008000392                MemManage_Handler
 .text.BusFault_Handler
                0x0000000008000398        0x6 Core/Src/stm32f1xx_it.o
                0x0000000008000398                BusFault_Handler
 .text.UsageFault_Handler
                0x000000000800039e        0x6 Core/Src/stm32f1xx_it.o
                0x000000000800039e                UsageFault_Handler
 .text.DebugMon_Handler
                0x00000000080003a4        0xc Core/Src/stm32f1xx_it.o
                0x00000000080003a4                DebugMon_Handler
 .text.SysTick_Handler
                0x00000000080003b0       0x1a Core/Src/stm32f1xx_it.o
                0x00000000080003b0                SysTick_Handler
 *fill*         0x00000000080003ca        0x2 
 .text.SystemInit
                0x00000000080003cc       0x68 Core/Src/system_stm32f1xx.o
                0x00000000080003cc                SystemInit
 .text.Reset_Handler
                0x0000000008000434       0x48 Core/Startup/startup_stm32f103c8tx.o
                0x0000000008000434                Reset_Handler
 .text.Default_Handler
                0x000000000800047c        0x2 Core/Startup/startup_stm32f103c8tx.o
                0x000000000800047c                RTC_Alarm_IRQHandler
                0x000000000800047c                EXTI2_IRQHandler
                0x000000000800047c                TIM1_CC_IRQHandler
                0x000000000800047c                PVD_IRQHandler
                0x000000000800047c                EXTI3_IRQHandler
                0x000000000800047c                EXTI0_IRQHandler
                0x000000000800047c                I2C2_EV_IRQHandler
                0x000000000800047c                ADC1_2_IRQHandler
                0x000000000800047c                SPI1_IRQHandler
                0x000000000800047c                TAMPER_IRQHandler
                0x000000000800047c                DMA1_Channel4_IRQHandler
                0x000000000800047c                USART3_IRQHandler
                0x000000000800047c                RTC_IRQHandler
                0x000000000800047c                DMA1_Channel7_IRQHandler
                0x000000000800047c                CAN1_RX1_IRQHandler
                0x000000000800047c                TIM4_IRQHandler
                0x000000000800047c                I2C1_EV_IRQHandler
                0x000000000800047c                DMA1_Channel6_IRQHandler
                0x000000000800047c                TIM3_IRQHandler
                0x000000000800047c                RCC_IRQHandler
                0x000000000800047c                TIM1_TRG_COM_IRQHandler
                0x000000000800047c                DMA1_Channel1_IRQHandler
                0x000000000800047c                Default_Handler
                0x000000000800047c                EXTI15_10_IRQHandler
                0x000000000800047c                EXTI9_5_IRQHandler
                0x000000000800047c                SPI2_IRQHandler
                0x000000000800047c                DMA1_Channel5_IRQHandler
                0x000000000800047c                EXTI4_IRQHandler
                0x000000000800047c                USB_LP_CAN1_RX0_IRQHandler
                0x000000000800047c                USB_HP_CAN1_TX_IRQHandler
                0x000000000800047c                DMA1_Channel3_IRQHandler
                0x000000000800047c                TIM1_UP_IRQHandler
                0x000000000800047c                WWDG_IRQHandler
                0x000000000800047c                TIM2_IRQHandler
                0x000000000800047c                TIM1_BRK_IRQHandler
                0x000000000800047c                EXTI1_IRQHandler
                0x000000000800047c                USART2_IRQHandler
                0x000000000800047c                I2C2_ER_IRQHandler
                0x000000000800047c                DMA1_Channel2_IRQHandler
                0x000000000800047c                CAN1_SCE_IRQHandler
                0x000000000800047c                FLASH_IRQHandler
                0x000000000800047c                USART1_IRQHandler
                0x000000000800047c                I2C1_ER_IRQHandler
                0x000000000800047c                USBWakeUp_IRQHandler
 *fill*         0x000000000800047e        0x2 
 .text.HAL_Init
                0x0000000008000480       0x2c Drivers/STM32F1xx_HAL_Driver/Src/stm32f1xx_hal.o
                0x0000000008000480                HAL_Init
 .text.HAL_InitTick
                0x00000000080004ac       0x60 Drivers/STM32F1xx_HAL_Driver/Src/stm32f1xx_hal.o
                0x00000000080004ac                HAL_InitTick
 .text.HAL_IncTick
                0x000000000800050c       0x24 Drivers/STM32F1xx_HAL_Driver/Src/stm32f1xx_hal.o
                0x000000000800050c                HAL_IncTick
 .text.HAL_GetTick
                0x0000000008000530       0x14 Drivers/STM32F1xx_HAL_Driver/Src/stm32f1xx_hal.o
                0x0000000008000530                HAL_GetTick
 .text.__NVIC_SetPriorityGrouping
                0x0000000008000544       0x48 Drivers/STM32F1xx_HAL_Driver/Src/stm32f1xx_hal_cortex.o
 .text.__NVIC_GetPriorityGrouping
                0x000000000800058c       0x1c Drivers/STM32F1xx_HAL_Driver/Src/stm32f1xx_hal_cortex.o
 .text.__NVIC_SetPriority
                0x00000000080005a8       0x54 Drivers/STM32F1xx_HAL_Driver/Src/stm32f1xx_hal_cortex.o
 .text.NVIC_EncodePriority
                0x00000000080005fc       0x64 Drivers/STM32F1xx_HAL_Driver/Src/stm32f1xx_hal_cortex.o
 .text.SysTick_Config
                0x0000000008000660       0x44 Drivers/STM32F1xx_HAL_Driver/Src/stm32f1xx_hal_cortex.o
 .text.HAL_NVIC_SetPriorityGrouping
                0x00000000080006a4       0x16 Drivers/STM32F1xx_HAL_Driver/Src/stm32f1xx_hal_cortex.o
                0x00000000080006a4                HAL_NVIC_SetPriorityGrouping
 .text.HAL_NVIC_SetPriority
                0x00000000080006ba       0x38 Drivers/STM32F1xx_HAL_Driver/Src/stm32f1xx_hal_cortex.o
                0x00000000080006ba                HAL_NVIC_SetPriority
 .text.HAL_SYSTICK_Config
                0x00000000080006f2       0x18 Drivers/STM32F1xx_HAL_Driver/Src/stm32f1xx_hal_cortex.o
                0x00000000080006f2                HAL_SYSTICK_Config
 *fill*         0x000000000800070a        0x2 
 .text.HAL_GPIO_Init
                0x000000000800070c      0x2b4 Drivers/STM32F1xx_HAL_Driver/Src/stm32f1xx_hal_gpio.o
                0x000000000800070c                HAL_GPIO_Init
 .text.HAL_GPIO_WritePin
                0x00000000080009c0       0x30 Drivers/STM32F1xx_HAL_Driver/Src/stm32f1xx_hal_gpio.o
                0x00000000080009c0                HAL_GPIO_WritePin
 .text.HAL_GPIO_TogglePin
                0x00000000080009f0       0x30 Drivers/STM32F1xx_HAL_Driver/Src/stm32f1xx_hal_gpio.o
                0x00000000080009f0                HAL_GPIO_TogglePin
 .text.HAL_RCC_OscConfig
                0x0000000008000a20      0x500 Drivers/STM32F1xx_HAL_Driver/Src/stm32f1xx_hal_rcc.o
                0x0000000008000a20                HAL_RCC_OscConfig
 .text.HAL_RCC_ClockConfig
                0x0000000008000f20      0x1d4 Drivers/STM32F1xx_HAL_Driver/Src/stm32f1xx_hal_rcc.o
                0x0000000008000f20                HAL_RCC_ClockConfig
 .text.HAL_RCC_GetSysClockFreq
                0x00000000080010f4       0xc4 Drivers/STM32F1xx_HAL_Driver/Src/stm32f1xx_hal_rcc.o
                0x00000000080010f4                HAL_RCC_GetSysClockFreq
 .text.RCC_Delay
                0x00000000080011b8       0x3c Drivers/STM32F1xx_HAL_Driver/Src/stm32f1xx_hal_rcc.o
 .text.makeFreeRtosPriority
                0x00000000080011f4       0x2e Middlewares/Third_Party/FreeRTOS/Source/CMSIS_RTOS/cmsis_os.o
 .text.osKernelStart
                0x0000000008001222        0xe Middlewares/Third_Party/FreeRTOS/Source/CMSIS_RTOS/cmsis_os.o
                0x0000000008001222                osKernelStart
 .text.osThreadCreate
                0x0000000008001230       0x98 Middlewares/Third_Party/FreeRTOS/Source/CMSIS_RTOS/cmsis_os.o
                0x0000000008001230                osThreadCreate
 .text.osDelay  0x00000000080012c8       0x28 Middlewares/Third_Party/FreeRTOS/Source/CMSIS_RTOS/cmsis_os.o
                0x00000000080012c8                osDelay
 .text.vListInitialise
                0x00000000080012f0       0x3e Middlewares/Third_Party/FreeRTOS/Source/list.o
                0x00000000080012f0                vListInitialise
 .text.vListInitialiseItem
                0x000000000800132e       0x18 Middlewares/Third_Party/FreeRTOS/Source/list.o
                0x000000000800132e                vListInitialiseItem
 .text.vListInsertEnd
                0x0000000008001346       0x46 Middlewares/Third_Party/FreeRTOS/Source/list.o
                0x0000000008001346                vListInsertEnd
 .text.vListInsert
                0x000000000800138c       0x70 Middlewares/Third_Party/FreeRTOS/Source/list.o
                0x000000000800138c                vListInsert
 .text.uxListRemove
                0x00000000080013fc       0x52 Middlewares/Third_Party/FreeRTOS/Source/list.o
                0x00000000080013fc                uxListRemove
 .text.xTaskCreateStatic
                0x000000000800144e       0xb2 Middlewares/Third_Party/FreeRTOS/Source/tasks.o
                0x000000000800144e                xTaskCreateStatic
 .text.xTaskCreate
                0x0000000008001500       0x8a Middlewares/Third_Party/FreeRTOS/Source/tasks.o
                0x0000000008001500                xTaskCreate
 .text.prvInitialiseNewTask
                0x000000000800158a       0xfc Middlewares/Third_Party/FreeRTOS/Source/tasks.o
 *fill*         0x0000000008001686        0x2 
 .text.prvAddNewTaskToReadyList
                0x0000000008001688       0xd4 Middlewares/Third_Party/FreeRTOS/Source/tasks.o
 .text.vTaskDelay
                0x000000000800175c       0x68 Middlewares/Third_Party/FreeRTOS/Source/tasks.o
                0x000000000800175c                vTaskDelay
 .text.vTaskStartScheduler
                0x00000000080017c4       0xbc Middlewares/Third_Party/FreeRTOS/Source/tasks.o
                0x00000000080017c4                vTaskStartScheduler
 .text.vTaskSuspendAll
                0x0000000008001880       0x1c Middlewares/Third_Party/FreeRTOS/Source/tasks.o
                0x0000000008001880                vTaskSuspendAll
 .text.xTaskResumeAll
                0x000000000800189c      0x138 Middlewares/Third_Party/FreeRTOS/Source/tasks.o
                0x000000000800189c                xTaskResumeAll
 .text.xTaskIncrementTick
                0x00000000080019d4      0x178 Middlewares/Third_Party/FreeRTOS/Source/tasks.o
                0x00000000080019d4                xTaskIncrementTick
 .text.vTaskSwitchContext
                0x0000000008001b4c       0xb4 Middlewares/Third_Party/FreeRTOS/Source/tasks.o
                0x0000000008001b4c                vTaskSwitchContext
 .text.prvIdleTask
                0x0000000008001c00       0x30 Middlewares/Third_Party/FreeRTOS/Source/tasks.o
 .text.prvInitialiseTaskLists
                0x0000000008001c30       0x80 Middlewares/Third_Party/FreeRTOS/Source/tasks.o
 .text.prvCheckTasksWaitingTermination
                0x0000000008001cb0       0x58 Middlewares/Third_Party/FreeRTOS/Source/tasks.o
 .text.prvDeleteTCB
                0x0000000008001d08       0x5c Middlewares/Third_Party/FreeRTOS/Source/tasks.o
 .text.prvResetNextTaskUnblockTime
                0x0000000008001d64       0x48 Middlewares/Third_Party/FreeRTOS/Source/tasks.o
 .text.xTaskGetSchedulerState
                0x0000000008001dac       0x3c Middlewares/Third_Party/FreeRTOS/Source/tasks.o
                0x0000000008001dac                xTaskGetSchedulerState
 .text.prvAddCurrentTaskToDelayedList
                0x0000000008001de8       0xcc Middlewares/Third_Party/FreeRTOS/Source/tasks.o
 .text.pxPortInitialiseStack
                0x0000000008001eb4       0x58 Middlewares/Third_Party/FreeRTOS/Source/portable/GCC/ARM_CM3/port.o
                0x0000000008001eb4                pxPortInitialiseStack
 .text.prvTaskExitError
                0x0000000008001f0c       0x50 Middlewares/Third_Party/FreeRTOS/Source/portable/GCC/ARM_CM3/port.o
 *fill*         0x0000000008001f5c        0x4 
 .text.SVC_Handler
                0x0000000008001f60       0x28 Middlewares/Third_Party/FreeRTOS/Source/portable/GCC/ARM_CM3/port.o
                0x0000000008001f60                SVC_Handler
 .text.prvPortStartFirstTask
                0x0000000008001f88       0x20 Middlewares/Third_Party/FreeRTOS/Source/portable/GCC/ARM_CM3/port.o
 .text.xPortStartScheduler
                0x0000000008001fa8       0xe0 Middlewares/Third_Party/FreeRTOS/Source/portable/GCC/ARM_CM3/port.o
                0x0000000008001fa8                xPortStartScheduler
 .text.vPortEnterCritical
                0x0000000008002088       0x5c Middlewares/Third_Party/FreeRTOS/Source/portable/GCC/ARM_CM3/port.o
                0x0000000008002088                vPortEnterCritical
 .text.vPortExitCritical
                0x00000000080020e4       0x4c Middlewares/Third_Party/FreeRTOS/Source/portable/GCC/ARM_CM3/port.o
                0x00000000080020e4                vPortExitCritical
 .text.PendSV_Handler
                0x0000000008002130       0x48 Middlewares/Third_Party/FreeRTOS/Source/portable/GCC/ARM_CM3/port.o
                0x0000000008002130                PendSV_Handler
 .text.xPortSysTickHandler
                0x0000000008002178       0x40 Middlewares/Third_Party/FreeRTOS/Source/portable/GCC/ARM_CM3/port.o
                0x0000000008002178                xPortSysTickHandler
 .text.vPortSetupTimerInterrupt
                0x00000000080021b8       0x44 Middlewares/Third_Party/FreeRTOS/Source/portable/GCC/ARM_CM3/port.o
                0x00000000080021b8                vPortSetupTimerInterrupt
 .text.pvPortMalloc
                0x00000000080021fc      0x184 Middlewares/Third_Party/FreeRTOS/Source/portable/MemMang/heap_4.o
                0x00000000080021fc                pvPortMalloc
 .text.vPortFree
                0x0000000008002380       0xb0 Middlewares/Third_Party/FreeRTOS/Source/portable/MemMang/heap_4.o
                0x0000000008002380                vPortFree
 .text.prvHeapInit
                0x0000000008002430       0xc4 Middlewares/Third_Party/FreeRTOS/Source/portable/MemMang/heap_4.o
 .text.prvInsertBlockIntoFreeList
                0x00000000080024f4       0xb0 Middlewares/Third_Party/FreeRTOS/Source/portable/MemMang/heap_4.o
 .text.__libc_init_array
                0x00000000080025a4       0x48 c:/st/stm32cubeide_1.0.2/stm32cubeide/plugins/com.st.stm32cube.ide.mcu.externaltools.gnu-tools-for-stm32.7-2018-q2-update.win32_1.0.0.201904181610/tools/bin/../lib/gcc/arm-none-eabi/7.3.1/../../../../arm-none-eabi/lib/thumb/v7-m\libc_nano.a(lib_a-init.o)
                0x00000000080025a4                __libc_init_array
 .text.memset   0x00000000080025ec       0x10 c:/st/stm32cubeide_1.0.2/stm32cubeide/plugins/com.st.stm32cube.ide.mcu.externaltools.gnu-tools-for-stm32.7-2018-q2-update.win32_1.0.0.201904181610/tools/bin/../lib/gcc/arm-none-eabi/7.3.1/../../../../arm-none-eabi/lib/thumb/v7-m\libc_nano.a(lib_a-memset.o)
                0x00000000080025ec                memset
 *(.glue_7)
 .glue_7        0x00000000080025fc        0x0 linker stubs
 *(.glue_7t)
 .glue_7t       0x00000000080025fc        0x0 linker stubs
 *(.eh_frame)
 .eh_frame      0x00000000080025fc        0x0 c:/st/stm32cubeide_1.0.2/stm32cubeide/plugins/com.st.stm32cube.ide.mcu.externaltools.gnu-tools-for-stm32.7-2018-q2-update.win32_1.0.0.201904181610/tools/bin/../lib/gcc/arm-none-eabi/7.3.1/thumb/v7-m/crtbegin.o
 *(.init)
 .init          0x00000000080025fc        0x4 c:/st/stm32cubeide_1.0.2/stm32cubeide/plugins/com.st.stm32cube.ide.mcu.externaltools.gnu-tools-for-stm32.7-2018-q2-update.win32_1.0.0.201904181610/tools/bin/../lib/gcc/arm-none-eabi/7.3.1/thumb/v7-m/crti.o
                0x00000000080025fc                _init
 .init          0x0000000008002600        0x8 c:/st/stm32cubeide_1.0.2/stm32cubeide/plugins/com.st.stm32cube.ide.mcu.externaltools.gnu-tools-for-stm32.7-2018-q2-update.win32_1.0.0.201904181610/tools/bin/../lib/gcc/arm-none-eabi/7.3.1/thumb/v7-m/crtn.o
 *(.fini)
 .fini          0x0000000008002608        0x4 c:/st/stm32cubeide_1.0.2/stm32cubeide/plugins/com.st.stm32cube.ide.mcu.externaltools.gnu-tools-for-stm32.7-2018-q2-update.win32_1.0.0.201904181610/tools/bin/../lib/gcc/arm-none-eabi/7.3.1/thumb/v7-m/crti.o
                0x0000000008002608                _fini
 .fini          0x000000000800260c        0x8 c:/st/stm32cubeide_1.0.2/stm32cubeide/plugins/com.st.stm32cube.ide.mcu.externaltools.gnu-tools-for-stm32.7-2018-q2-update.win32_1.0.0.201904181610/tools/bin/../lib/gcc/arm-none-eabi/7.3.1/thumb/v7-m/crtn.o
                0x0000000008002614                . = ALIGN (0x4)
                0x0000000008002614                _etext = .

.vfp11_veneer   0x0000000008002614        0x0
 .vfp11_veneer  0x0000000008002614        0x0 linker stubs

.v4_bx          0x0000000008002614        0x0
 .v4_bx         0x0000000008002614        0x0 linker stubs

.iplt           0x0000000008002614        0x0
 .iplt          0x0000000008002614        0x0 c:/st/stm32cubeide_1.0.2/stm32cubeide/plugins/com.st.stm32cube.ide.mcu.externaltools.gnu-tools-for-stm32.7-2018-q2-update.win32_1.0.0.201904181610/tools/bin/../lib/gcc/arm-none-eabi/7.3.1/thumb/v7-m/crtbegin.o

.rodata         0x0000000008002614       0x60
                0x0000000008002614                . = ALIGN (0x4)
 *(.rodata)
 .rodata        0x0000000008002614       0x34 Core/Src/main.o
 .rodata        0x0000000008002648       0x12 Drivers/STM32F1xx_HAL_Driver/Src/stm32f1xx_hal_rcc.o
 *fill*         0x000000000800265a        0x2 
 .rodata        0x000000000800265c        0x5 Middlewares/Third_Party/FreeRTOS/Source/tasks.o
 *(.rodata*)
 *fill*         0x0000000008002661        0x3 
 .rodata.AHBPrescTable
                0x0000000008002664       0x10 Core/Src/system_stm32f1xx.o
                0x0000000008002664                AHBPrescTable
                0x0000000008002674                . = ALIGN (0x4)

.rel.dyn        0x0000000008002674        0x0
 .rel.iplt      0x0000000008002674        0x0 c:/st/stm32cubeide_1.0.2/stm32cubeide/plugins/com.st.stm32cube.ide.mcu.externaltools.gnu-tools-for-stm32.7-2018-q2-update.win32_1.0.0.201904181610/tools/bin/../lib/gcc/arm-none-eabi/7.3.1/thumb/v7-m/crtbegin.o

.ARM.extab      0x0000000008002674        0x0
                0x0000000008002674                . = ALIGN (0x4)
 *(.ARM.extab* .gnu.linkonce.armextab.*)
                0x0000000008002674                . = ALIGN (0x4)

.ARM            0x0000000008002674        0x0
                0x0000000008002674                . = ALIGN (0x4)
                0x0000000008002674                __exidx_start = .
 *(.ARM.exidx*)
                0x0000000008002674                __exidx_end = .
                0x0000000008002674                . = ALIGN (0x4)

.preinit_array  0x0000000008002674        0x0
                0x0000000008002674                . = ALIGN (0x4)
                0x0000000008002674                PROVIDE (__preinit_array_start = .)
 *(.preinit_array*)
                0x0000000008002674                PROVIDE (__preinit_array_end = .)
                0x0000000008002674                . = ALIGN (0x4)

.init_array     0x0000000008002674        0x4
                0x0000000008002674                . = ALIGN (0x4)
                0x0000000008002674                PROVIDE (__init_array_start = .)
 *(SORT_BY_NAME(.init_array.*))
 *(.init_array*)
 .init_array    0x0000000008002674        0x4 c:/st/stm32cubeide_1.0.2/stm32cubeide/plugins/com.st.stm32cube.ide.mcu.externaltools.gnu-tools-for-stm32.7-2018-q2-update.win32_1.0.0.201904181610/tools/bin/../lib/gcc/arm-none-eabi/7.3.1/thumb/v7-m/crtbegin.o
                0x0000000008002678                PROVIDE (__init_array_end = .)
                0x0000000008002678                . = ALIGN (0x4)

.fini_array     0x0000000008002678        0x4
                0x0000000008002678                . = ALIGN (0x4)
                [!provide]                        PROVIDE (__fini_array_start = .)
 *(SORT_BY_NAME(.fini_array.*))
 *(.fini_array*)
 .fini_array    0x0000000008002678        0x4 c:/st/stm32cubeide_1.0.2/stm32cubeide/plugins/com.st.stm32cube.ide.mcu.externaltools.gnu-tools-for-stm32.7-2018-q2-update.win32_1.0.0.201904181610/tools/bin/../lib/gcc/arm-none-eabi/7.3.1/thumb/v7-m/crtbegin.o
                [!provide]                        PROVIDE (__fini_array_end = .)
                0x000000000800267c                . = ALIGN (0x4)
                0x000000000800267c                _sidata = LOADADDR (.data)

.data           0x0000000020000000       0x10 load address 0x000000000800267c
                0x0000000020000000                . = ALIGN (0x4)
                0x0000000020000000                _sdata = .
 *(.data)
 *(.data*)
 .data.SystemCoreClock
                0x0000000020000000        0x4 Core/Src/system_stm32f1xx.o
                0x0000000020000000                SystemCoreClock
 .data.uwTickPrio
                0x0000000020000004        0x4 Drivers/STM32F1xx_HAL_Driver/Src/stm32f1xx_hal.o
                0x0000000020000004                uwTickPrio
 .data.uwTickFreq
                0x0000000020000008        0x1 Drivers/STM32F1xx_HAL_Driver/Src/stm32f1xx_hal.o
                0x0000000020000008                uwTickFreq
 *fill*         0x0000000020000009        0x3 
 .data.uxCriticalNesting
                0x000000002000000c        0x4 Middlewares/Third_Party/FreeRTOS/Source/portable/GCC/ARM_CM3/port.o
                0x0000000020000010                . = ALIGN (0x4)
                0x0000000020000010                _edata = .

.igot.plt       0x0000000020000010        0x0 load address 0x000000000800268c
 .igot.plt      0x0000000020000010        0x0 c:/st/stm32cubeide_1.0.2/stm32cubeide/plugins/com.st.stm32cube.ide.mcu.externaltools.gnu-tools-for-stm32.7-2018-q2-update.win32_1.0.0.201904181610/tools/bin/../lib/gcc/arm-none-eabi/7.3.1/thumb/v7-m/crtbegin.o
                0x0000000020000010                . = ALIGN (0x4)

.bss            0x0000000020000010      0xfc4 load address 0x000000000800268c
                0x0000000020000010                _sbss = .
                0x0000000020000010                __bss_start__ = _sbss
 *(.bss)
 .bss           0x0000000020000010       0x1c c:/st/stm32cubeide_1.0.2/stm32cubeide/plugins/com.st.stm32cube.ide.mcu.externaltools.gnu-tools-for-stm32.7-2018-q2-update.win32_1.0.0.201904181610/tools/bin/../lib/gcc/arm-none-eabi/7.3.1/thumb/v7-m/crtbegin.o
 *(.bss*)
 .bss.xIdleTaskTCBBuffer
                0x000000002000002c       0x54 Core/Src/freertos.o
 .bss.xIdleStack
                0x0000000020000080      0x200 Core/Src/freertos.o
 .bss.pxCurrentTCB
                0x0000000020000280        0x4 Middlewares/Third_Party/FreeRTOS/Source/tasks.o
                0x0000000020000280                pxCurrentTCB
 .bss.pxReadyTasksLists
                0x0000000020000284       0x8c Middlewares/Third_Party/FreeRTOS/Source/tasks.o
 .bss.xDelayedTaskList1
                0x0000000020000310       0x14 Middlewares/Third_Party/FreeRTOS/Source/tasks.o
 .bss.xDelayedTaskList2
                0x0000000020000324       0x14 Middlewares/Third_Party/FreeRTOS/Source/tasks.o
 .bss.pxDelayedTaskList
                0x0000000020000338        0x4 Middlewares/Third_Party/FreeRTOS/Source/tasks.o
 .bss.pxOverflowDelayedTaskList
                0x000000002000033c        0x4 Middlewares/Third_Party/FreeRTOS/Source/tasks.o
 .bss.xPendingReadyList
                0x0000000020000340       0x14 Middlewares/Third_Party/FreeRTOS/Source/tasks.o
 .bss.xTasksWaitingTermination
                0x0000000020000354       0x14 Middlewares/Third_Party/FreeRTOS/Source/tasks.o
 .bss.uxDeletedTasksWaitingCleanUp
                0x0000000020000368        0x4 Middlewares/Third_Party/FreeRTOS/Source/tasks.o
 .bss.xSuspendedTaskList
                0x000000002000036c       0x14 Middlewares/Third_Party/FreeRTOS/Source/tasks.o
 .bss.uxCurrentNumberOfTasks
                0x0000000020000380        0x4 Middlewares/Third_Party/FreeRTOS/Source/tasks.o
 .bss.xTickCount
                0x0000000020000384        0x4 Middlewares/Third_Party/FreeRTOS/Source/tasks.o
 .bss.uxTopReadyPriority
                0x0000000020000388        0x4 Middlewares/Third_Party/FreeRTOS/Source/tasks.o
 .bss.xSchedulerRunning
                0x000000002000038c        0x4 Middlewares/Third_Party/FreeRTOS/Source/tasks.o
 .bss.uxPendedTicks
                0x0000000020000390        0x4 Middlewares/Third_Party/FreeRTOS/Source/tasks.o
 .bss.xYieldPending
                0x0000000020000394        0x4 Middlewares/Third_Party/FreeRTOS/Source/tasks.o
 .bss.xNumOfOverflows
                0x0000000020000398        0x4 Middlewares/Third_Party/FreeRTOS/Source/tasks.o
 .bss.uxTaskNumber
                0x000000002000039c        0x4 Middlewares/Third_Party/FreeRTOS/Source/tasks.o
 .bss.xNextTaskUnblockTime
                0x00000000200003a0        0x4 Middlewares/Third_Party/FreeRTOS/Source/tasks.o
 .bss.xIdleTaskHandle
                0x00000000200003a4        0x4 Middlewares/Third_Party/FreeRTOS/Source/tasks.o
 .bss.uxSchedulerSuspended
                0x00000000200003a8        0x4 Middlewares/Third_Party/FreeRTOS/Source/tasks.o
 .bss.ucMaxSysCallPriority
                0x00000000200003ac        0x1 Middlewares/Third_Party/FreeRTOS/Source/portable/GCC/ARM_CM3/port.o
 *fill*         0x00000000200003ad        0x3 
 .bss.ulMaxPRIGROUPValue
                0x00000000200003b0        0x4 Middlewares/Third_Party/FreeRTOS/Source/portable/GCC/ARM_CM3/port.o
 .bss.ucHeap    0x00000000200003b4      0xc00 Middlewares/Third_Party/FreeRTOS/Source/portable/MemMang/heap_4.o
 .bss.xStart    0x0000000020000fb4        0x8 Middlewares/Third_Party/FreeRTOS/Source/portable/MemMang/heap_4.o
 .bss.pxEnd     0x0000000020000fbc        0x4 Middlewares/Third_Party/FreeRTOS/Source/portable/MemMang/heap_4.o
 .bss.xFreeBytesRemaining
                0x0000000020000fc0        0x4 Middlewares/Third_Party/FreeRTOS/Source/portable/MemMang/heap_4.o
 .bss.xMinimumEverFreeBytesRemaining
                0x0000000020000fc4        0x4 Middlewares/Third_Party/FreeRTOS/Source/portable/MemMang/heap_4.o
 .bss.xBlockAllocatedBit
                0x0000000020000fc8        0x4 Middlewares/Third_Party/FreeRTOS/Source/portable/MemMang/heap_4.o
 *(COMMON)
 COMMON         0x0000000020000fcc        0x4 Core/Src/main.o
                0x0000000020000fcc                defaultTaskHandle
 COMMON         0x0000000020000fd0        0x4 Drivers/STM32F1xx_HAL_Driver/Src/stm32f1xx_hal.o
                0x0000000020000fd0                uwTick
                0x0000000020000fd4                . = ALIGN (0x4)
                0x0000000020000fd4                _ebss = .
                0x0000000020000fd4                __bss_end__ = _ebss

._user_heap_stack
                0x0000000020000fd4      0x604 load address 0x000000000800268c
                0x0000000020000fd8                . = ALIGN (0x8)
 *fill*         0x0000000020000fd4        0x4 
                0x0000000020000fd8                PROVIDE (end = .)
                [!provide]                        PROVIDE (_end = .)
                0x00000000200011d8                . = (. + _Min_Heap_Size)
 *fill*         0x0000000020000fd8      0x200 
                0x00000000200015d8                . = (. + _Min_Stack_Size)
 *fill*         0x00000000200011d8      0x400 
                0x00000000200015d8                . = ALIGN (0x8)

/DISCARD/
 libc.a(*)
 libm.a(*)
 libgcc.a(*)

.ARM.attributes
                0x0000000000000000       0x29
 *(.ARM.attributes)
 .ARM.attributes
                0x0000000000000000       0x1d c:/st/stm32cubeide_1.0.2/stm32cubeide/plugins/com.st.stm32cube.ide.mcu.externaltools.gnu-tools-for-stm32.7-2018-q2-update.win32_1.0.0.201904181610/tools/bin/../lib/gcc/arm-none-eabi/7.3.1/thumb/v7-m/crti.o
 .ARM.attributes
                0x000000000000001d       0x2d c:/st/stm32cubeide_1.0.2/stm32cubeide/plugins/com.st.stm32cube.ide.mcu.externaltools.gnu-tools-for-stm32.7-2018-q2-update.win32_1.0.0.201904181610/tools/bin/../lib/gcc/arm-none-eabi/7.3.1/thumb/v7-m/crtbegin.o
 .ARM.attributes
                0x000000000000004a       0x33 Core/Src/freertos.o
 .ARM.attributes
                0x000000000000007d       0x33 Core/Src/main.o
 .ARM.attributes
                0x00000000000000b0       0x33 Core/Src/stm32f1xx_hal_msp.o
 .ARM.attributes
                0x00000000000000e3       0x33 Core/Src/stm32f1xx_it.o
 .ARM.attributes
                0x0000000000000116       0x33 Core/Src/system_stm32f1xx.o
 .ARM.attributes
                0x0000000000000149       0x21 Core/Startup/startup_stm32f103c8tx.o
 .ARM.attributes
                0x000000000000016a       0x33 Drivers/STM32F1xx_HAL_Driver/Src/stm32f1xx_hal.o
 .ARM.attributes
                0x000000000000019d       0x33 Drivers/STM32F1xx_HAL_Driver/Src/stm32f1xx_hal_cortex.o
 .ARM.attributes
                0x00000000000001d0       0x33 Drivers/STM32F1xx_HAL_Driver/Src/stm32f1xx_hal_gpio.o
 .ARM.attributes
                0x0000000000000203       0x33 Drivers/STM32F1xx_HAL_Driver/Src/stm32f1xx_hal_rcc.o
 .ARM.attributes
                0x0000000000000236       0x33 Middlewares/Third_Party/FreeRTOS/Source/CMSIS_RTOS/cmsis_os.o
 .ARM.attributes
                0x0000000000000269       0x33 Middlewares/Third_Party/FreeRTOS/Source/list.o
 .ARM.attributes
                0x000000000000029c       0x33 Middlewares/Third_Party/FreeRTOS/Source/tasks.o
 .ARM.attributes
                0x00000000000002cf       0x33 Middlewares/Third_Party/FreeRTOS/Source/portable/GCC/ARM_CM3/port.o
 .ARM.attributes
                0x0000000000000302       0x33 Middlewares/Third_Party/FreeRTOS/Source/portable/MemMang/heap_4.o
 .ARM.attributes
                0x0000000000000335       0x2d c:/st/stm32cubeide_1.0.2/stm32cubeide/plugins/com.st.stm32cube.ide.mcu.externaltools.gnu-tools-for-stm32.7-2018-q2-update.win32_1.0.0.201904181610/tools/bin/../lib/gcc/arm-none-eabi/7.3.1/../../../../arm-none-eabi/lib/thumb/v7-m\libc_nano.a(lib_a-init.o)
 .ARM.attributes
                0x0000000000000362       0x2d c:/st/stm32cubeide_1.0.2/stm32cubeide/plugins/com.st.stm32cube.ide.mcu.externaltools.gnu-tools-for-stm32.7-2018-q2-update.win32_1.0.0.201904181610/tools/bin/../lib/gcc/arm-none-eabi/7.3.1/../../../../arm-none-eabi/lib/thumb/v7-m\libc_nano.a(lib_a-memset.o)
 .ARM.attributes
                0x000000000000038f       0x1d c:/st/stm32cubeide_1.0.2/stm32cubeide/plugins/com.st.stm32cube.ide.mcu.externaltools.gnu-tools-for-stm32.7-2018-q2-update.win32_1.0.0.201904181610/tools/bin/../lib/gcc/arm-none-eabi/7.3.1/thumb/v7-m/crtn.o
OUTPUT(blink_rtos_example.elf elf32-littlearm)

.debug_info     0x0000000000000000     0x93ae
 .debug_info    0x0000000000000000      0x334 Core/Src/freertos.o
 .debug_info    0x0000000000000334      0x747 Core/Src/main.o
 .debug_info    0x0000000000000a7b      0x411 Core/Src/stm32f1xx_hal_msp.o
 .debug_info    0x0000000000000e8c      0x1ea Core/Src/stm32f1xx_it.o
 .debug_info    0x0000000000001076      0x433 Core/Src/system_stm32f1xx.o
 .debug_info    0x00000000000014a9       0x22 Core/Startup/startup_stm32f103c8tx.o
 .debug_info    0x00000000000014cb      0x6fe Drivers/STM32F1xx_HAL_Driver/Src/stm32f1xx_hal.o
 .debug_info    0x0000000000001bc9      0xb46 Drivers/STM32F1xx_HAL_Driver/Src/stm32f1xx_hal_cortex.o
 .debug_info    0x000000000000270f      0x681 Drivers/STM32F1xx_HAL_Driver/Src/stm32f1xx_hal_gpio.o
 .debug_info    0x0000000000002d90      0x804 Drivers/STM32F1xx_HAL_Driver/Src/stm32f1xx_hal_rcc.o
 .debug_info    0x0000000000003594     0x1e5d Middlewares/Third_Party/FreeRTOS/Source/CMSIS_RTOS/cmsis_os.o
 .debug_info    0x00000000000053f1      0xac5 Middlewares/Third_Party/FreeRTOS/Source/list.o
 .debug_info    0x0000000000005eb6     0x243c Middlewares/Third_Party/FreeRTOS/Source/tasks.o
 .debug_info    0x00000000000082f2      0x4d2 Middlewares/Third_Party/FreeRTOS/Source/portable/GCC/ARM_CM3/port.o
 .debug_info    0x00000000000087c4      0xbea Middlewares/Third_Party/FreeRTOS/Source/portable/MemMang/heap_4.o

.debug_abbrev   0x0000000000000000     0x1bdb
 .debug_abbrev  0x0000000000000000      0x109 Core/Src/freertos.o
 .debug_abbrev  0x0000000000000109      0x1e1 Core/Src/main.o
 .debug_abbrev  0x00000000000002ea      0x112 Core/Src/stm32f1xx_hal_msp.o
 .debug_abbrev  0x00000000000003fc       0xc6 Core/Src/stm32f1xx_it.o
 .debug_abbrev  0x00000000000004c2      0x134 Core/Src/system_stm32f1xx.o
 .debug_abbrev  0x00000000000005f6       0x12 Core/Startup/startup_stm32f103c8tx.o
 .debug_abbrev  0x0000000000000608      0x1d8 Drivers/STM32F1xx_HAL_Driver/Src/stm32f1xx_hal.o
 .debug_abbrev  0x00000000000007e0      0x2d5 Drivers/STM32F1xx_HAL_Driver/Src/stm32f1xx_hal_cortex.o
 .debug_abbrev  0x0000000000000ab5      0x1c0 Drivers/STM32F1xx_HAL_Driver/Src/stm32f1xx_hal_gpio.o
 .debug_abbrev  0x0000000000000c75      0x243 Drivers/STM32F1xx_HAL_Driver/Src/stm32f1xx_hal_rcc.o
 .debug_abbrev  0x0000000000000eb8      0x379 Middlewares/Third_Party/FreeRTOS/Source/CMSIS_RTOS/cmsis_os.o
 .debug_abbrev  0x0000000000001231      0x1cf Middlewares/Third_Party/FreeRTOS/Source/list.o
 .debug_abbrev  0x0000000000001400      0x338 Middlewares/Third_Party/FreeRTOS/Source/tasks.o
 .debug_abbrev  0x0000000000001738      0x205 Middlewares/Third_Party/FreeRTOS/Source/portable/GCC/ARM_CM3/port.o
 .debug_abbrev  0x000000000000193d      0x29e Middlewares/Third_Party/FreeRTOS/Source/portable/MemMang/heap_4.o

.debug_aranges  0x0000000000000000      0x878
 .debug_aranges
                0x0000000000000000       0x20 Core/Src/freertos.o
 .debug_aranges
                0x0000000000000020       0x48 Core/Src/main.o
 .debug_aranges
                0x0000000000000068       0x20 Core/Src/stm32f1xx_hal_msp.o
 .debug_aranges
                0x0000000000000088       0x50 Core/Src/stm32f1xx_it.o
 .debug_aranges
                0x00000000000000d8       0x28 Core/Src/system_stm32f1xx.o
 .debug_aranges
                0x0000000000000100       0x28 Core/Startup/startup_stm32f103c8tx.o
 .debug_aranges
                0x0000000000000128       0xe0 Drivers/STM32F1xx_HAL_Driver/Src/stm32f1xx_hal.o
 .debug_aranges
                0x0000000000000208      0x100 Drivers/STM32F1xx_HAL_Driver/Src/stm32f1xx_hal_cortex.o
 .debug_aranges
                0x0000000000000308       0x58 Drivers/STM32F1xx_HAL_Driver/Src/stm32f1xx_hal_gpio.o
 .debug_aranges
                0x0000000000000360       0x90 Drivers/STM32F1xx_HAL_Driver/Src/stm32f1xx_hal_rcc.o
 .debug_aranges
                0x00000000000003f0      0x1d8 Middlewares/Third_Party/FreeRTOS/Source/CMSIS_RTOS/cmsis_os.o
 .debug_aranges
                0x00000000000005c8       0x40 Middlewares/Third_Party/FreeRTOS/Source/list.o
 .debug_aranges
                0x0000000000000608      0x1a8 Middlewares/Third_Party/FreeRTOS/Source/tasks.o
 .debug_aranges
                0x00000000000007b0       0x78 Middlewares/Third_Party/FreeRTOS/Source/portable/GCC/ARM_CM3/port.o
 .debug_aranges
                0x0000000000000828       0x50 Middlewares/Third_Party/FreeRTOS/Source/portable/MemMang/heap_4.o

.debug_ranges   0x0000000000000000      0x790
 .debug_ranges  0x0000000000000000       0x10 Core/Src/freertos.o
 .debug_ranges  0x0000000000000010       0x38 Core/Src/main.o
 .debug_ranges  0x0000000000000048       0x10 Core/Src/stm32f1xx_hal_msp.o
 .debug_ranges  0x0000000000000058       0x40 Core/Src/stm32f1xx_it.o
 .debug_ranges  0x0000000000000098       0x18 Core/Src/system_stm32f1xx.o
 .debug_ranges  0x00000000000000b0       0x20 Core/Startup/startup_stm32f103c8tx.o
 .debug_ranges  0x00000000000000d0       0xd0 Drivers/STM32F1xx_HAL_Driver/Src/stm32f1xx_hal.o
 .debug_ranges  0x00000000000001a0       0xf0 Drivers/STM32F1xx_HAL_Driver/Src/stm32f1xx_hal_cortex.o
 .debug_ranges  0x0000000000000290       0x48 Drivers/STM32F1xx_HAL_Driver/Src/stm32f1xx_hal_gpio.o
 .debug_ranges  0x00000000000002d8       0x80 Drivers/STM32F1xx_HAL_Driver/Src/stm32f1xx_hal_rcc.o
 .debug_ranges  0x0000000000000358      0x1c8 Middlewares/Third_Party/FreeRTOS/Source/CMSIS_RTOS/cmsis_os.o
 .debug_ranges  0x0000000000000520       0x30 Middlewares/Third_Party/FreeRTOS/Source/list.o
 .debug_ranges  0x0000000000000550      0x198 Middlewares/Third_Party/FreeRTOS/Source/tasks.o
 .debug_ranges  0x00000000000006e8       0x68 Middlewares/Third_Party/FreeRTOS/Source/portable/GCC/ARM_CM3/port.o
 .debug_ranges  0x0000000000000750       0x40 Middlewares/Third_Party/FreeRTOS/Source/portable/MemMang/heap_4.o

.debug_macro    0x0000000000000000    0x13d34
 .debug_macro   0x0000000000000000      0x1ed Core/Src/freertos.o
 .debug_macro   0x00000000000001ed      0xa5a Core/Src/freertos.o
 .debug_macro   0x0000000000000c47      0x174 Core/Src/freertos.o
 .debug_macro   0x0000000000000dbb       0x22 Core/Src/freertos.o
 .debug_macro   0x0000000000000ddd       0x8e Core/Src/freertos.o
 .debug_macro   0x0000000000000e6b       0x51 Core/Src/freertos.o
 .debug_macro   0x0000000000000ebc       0xef Core/Src/freertos.o
 .debug_macro   0x0000000000000fab       0x6a Core/Src/freertos.o
 .debug_macro   0x0000000000001015      0x1df Core/Src/freertos.o
 .debug_macro   0x00000000000011f4       0xd0 Core/Src/freertos.o
 .debug_macro   0x00000000000012c4      0x15a Core/Src/freertos.o
 .debug_macro   0x000000000000141e       0xd7 Core/Src/freertos.o
 .debug_macro   0x00000000000014f5       0x10 Core/Src/freertos.o
 .debug_macro   0x0000000000001505       0x1f Core/Src/freertos.o
 .debug_macro   0x0000000000001524      0x4b7 Core/Src/freertos.o
 .debug_macro   0x00000000000019db       0xb5 Core/Src/freertos.o
 .debug_macro   0x0000000000001a90       0x8c Core/Src/freertos.o
 .debug_macro   0x0000000000001b1c      0x20f Core/Src/freertos.o
 .debug_macro   0x0000000000001d2b       0x2e Core/Src/freertos.o
 .debug_macro   0x0000000000001d59       0x22 Core/Src/freertos.o
 .debug_macro   0x0000000000001d7b       0x1c Core/Src/freertos.o
 .debug_macro   0x0000000000001d97       0x22 Core/Src/freertos.o
 .debug_macro   0x0000000000001db9       0xc3 Core/Src/freertos.o
 .debug_macro   0x0000000000001e7c      0xd23 Core/Src/freertos.o
 .debug_macro   0x0000000000002b9f     0xe09e Core/Src/freertos.o
 .debug_macro   0x0000000000010c3d       0x43 Core/Src/freertos.o
 .debug_macro   0x0000000000010c80       0x5a Core/Src/freertos.o
 .debug_macro   0x0000000000010cda      0x5be Core/Src/freertos.o
 .debug_macro   0x0000000000011298      0x289 Core/Src/freertos.o
 .debug_macro   0x0000000000011521      0x1cb Core/Src/freertos.o
 .debug_macro   0x00000000000116ec      0x114 Core/Src/freertos.o
 .debug_macro   0x0000000000011800      0x1b2 Core/Src/freertos.o
 .debug_macro   0x00000000000119b2       0x27 Core/Src/freertos.o
 .debug_macro   0x00000000000119d9      0x136 Core/Src/freertos.o
 .debug_macro   0x0000000000011b0f      0x1bc Core/Src/freertos.o
 .debug_macro   0x0000000000011ccb       0x34 Core/Src/freertos.o
 .debug_macro   0x0000000000011cff       0x3c Core/Src/freertos.o
 .debug_macro   0x0000000000011d3b       0x57 Core/Src/freertos.o
 .debug_macro   0x0000000000011d92       0x88 Core/Src/freertos.o
 .debug_macro   0x0000000000011e1a      0x241 Core/Src/freertos.o
 .debug_macro   0x000000000001205b      0x141 Core/Src/freertos.o
 .debug_macro   0x000000000001219c       0x83 Core/Src/freertos.o
 .debug_macro   0x000000000001221f      0x238 Core/Src/main.o
 .debug_macro   0x0000000000012457       0xd0 Core/Src/main.o
 .debug_macro   0x0000000000012527       0x91 Core/Src/main.o
 .debug_macro   0x00000000000125b8       0x8d Core/Src/main.o
 .debug_macro   0x0000000000012645       0x7e Core/Src/main.o
 .debug_macro   0x00000000000126c3       0x19 Core/Src/main.o
 .debug_macro   0x00000000000126dc       0xf2 Core/Src/main.o
 .debug_macro   0x00000000000127ce      0x185 Core/Src/stm32f1xx_hal_msp.o
 .debug_macro   0x0000000000012953      0x1f7 Core/Src/stm32f1xx_it.o
 .debug_macro   0x0000000000012b4a      0x181 Core/Src/system_stm32f1xx.o
 .debug_macro   0x0000000000012ccb      0x19f Drivers/STM32F1xx_HAL_Driver/Src/stm32f1xx_hal.o
 .debug_macro   0x0000000000012e6a      0x17b Drivers/STM32F1xx_HAL_Driver/Src/stm32f1xx_hal_cortex.o
 .debug_macro   0x0000000000012fe5      0x1e6 Drivers/STM32F1xx_HAL_Driver/Src/stm32f1xx_hal_gpio.o
 .debug_macro   0x00000000000131cb      0x18d Drivers/STM32F1xx_HAL_Driver/Src/stm32f1xx_hal_rcc.o
 .debug_macro   0x0000000000013358      0x1f1 Middlewares/Third_Party/FreeRTOS/Source/CMSIS_RTOS/cmsis_os.o
 .debug_macro   0x0000000000013549       0x10 Middlewares/Third_Party/FreeRTOS/Source/CMSIS_RTOS/cmsis_os.o
 .debug_macro   0x0000000000013559       0x20 Middlewares/Third_Party/FreeRTOS/Source/CMSIS_RTOS/cmsis_os.o
 .debug_macro   0x0000000000013579       0xab Middlewares/Third_Party/FreeRTOS/Source/CMSIS_RTOS/cmsis_os.o
 .debug_macro   0x0000000000013624      0x17a Middlewares/Third_Party/FreeRTOS/Source/list.o
 .debug_macro   0x000000000001379e      0x273 Middlewares/Third_Party/FreeRTOS/Source/tasks.o
 .debug_macro   0x0000000000013a11       0x10 Middlewares/Third_Party/FreeRTOS/Source/tasks.o
 .debug_macro   0x0000000000013a21      0x172 Middlewares/Third_Party/FreeRTOS/Source/portable/GCC/ARM_CM3/port.o
 .debug_macro   0x0000000000013b93      0x1a1 Middlewares/Third_Party/FreeRTOS/Source/portable/MemMang/heap_4.o

.debug_line     0x0000000000000000     0x75ce
 .debug_line    0x0000000000000000      0x6e6 Core/Src/freertos.o
 .debug_line    0x00000000000006e6      0x7e7 Core/Src/main.o
 .debug_line    0x0000000000000ecd      0x5ef Core/Src/stm32f1xx_hal_msp.o
 .debug_line    0x00000000000014bc      0x773 Core/Src/stm32f1xx_it.o
 .debug_line    0x0000000000001c2f      0x61e Core/Src/system_stm32f1xx.o
 .debug_line    0x000000000000224d       0x84 Core/Startup/startup_stm32f103c8tx.o
 .debug_line    0x00000000000022d1      0x7c6 Drivers/STM32F1xx_HAL_Driver/Src/stm32f1xx_hal.o
 .debug_line    0x0000000000002a97      0x89f Drivers/STM32F1xx_HAL_Driver/Src/stm32f1xx_hal_cortex.o
 .debug_line    0x0000000000003336      0x7c6 Drivers/STM32F1xx_HAL_Driver/Src/stm32f1xx_hal_gpio.o
 .debug_line    0x0000000000003afc      0x888 Drivers/STM32F1xx_HAL_Driver/Src/stm32f1xx_hal_rcc.o
 .debug_line    0x0000000000004384      0xcbf Middlewares/Third_Party/FreeRTOS/Source/CMSIS_RTOS/cmsis_os.o
 .debug_line    0x0000000000005043      0x66b Middlewares/Third_Party/FreeRTOS/Source/list.o
 .debug_line    0x00000000000056ae     0x1172 Middlewares/Third_Party/FreeRTOS/Source/tasks.o
 .debug_line    0x0000000000006820      0x65d Middlewares/Third_Party/FreeRTOS/Source/portable/GCC/ARM_CM3/port.o
 .debug_line    0x0000000000006e7d      0x751 Middlewares/Third_Party/FreeRTOS/Source/portable/MemMang/heap_4.o

.debug_str      0x0000000000000000    0x6efe7
 .debug_str     0x0000000000000000    0x66470 Core/Src/freertos.o
                                      0x66757 (size before relaxing)
 .debug_str     0x0000000000066470     0x2541 Core/Src/main.o
                                      0x68c10 (size before relaxing)
 .debug_str     0x00000000000689b1      0x2be Core/Src/stm32f1xx_hal_msp.o
                                      0x62fa4 (size before relaxing)
 .debug_str     0x0000000000068c6f       0xa2 Core/Src/stm32f1xx_it.o
                                      0x666a7 (size before relaxing)
 .debug_str     0x0000000000068d11       0xc2 Core/Src/system_stm32f1xx.o
                                      0x62d36 (size before relaxing)
 .debug_str     0x0000000000068dd3       0x36 Core/Startup/startup_stm32f103c8tx.o
                                         0x7a (size before relaxing)
 .debug_str     0x0000000000068e09      0x3c5 Drivers/STM32F1xx_HAL_Driver/Src/stm32f1xx_hal.o
                                      0x63347 (size before relaxing)
 .debug_str     0x00000000000691ce      0x2bf Drivers/STM32F1xx_HAL_Driver/Src/stm32f1xx_hal_cortex.o
                                      0x63355 (size before relaxing)
 .debug_str     0x000000000006948d      0x324 Drivers/STM32F1xx_HAL_Driver/Src/stm32f1xx_hal_gpio.o
                                      0x63080 (size before relaxing)
 .debug_str     0x00000000000697b1      0x263 Drivers/STM32F1xx_HAL_Driver/Src/stm32f1xx_hal_rcc.o
                                      0x630b9 (size before relaxing)
 .debug_str     0x0000000000069a14     0x379f Middlewares/Third_Party/FreeRTOS/Source/CMSIS_RTOS/cmsis_os.o
                                       0xdb63 (size before relaxing)
 .debug_str     0x000000000006d1b3      0x225 Middlewares/Third_Party/FreeRTOS/Source/list.o
                                       0xa4a8 (size before relaxing)
 .debug_str     0x000000000006d3d8     0x12b3 Middlewares/Third_Party/FreeRTOS/Source/tasks.o
                                       0xc695 (size before relaxing)
 .debug_str     0x000000000006e68b      0x702 Middlewares/Third_Party/FreeRTOS/Source/portable/GCC/ARM_CM3/port.o
                                       0x8090 (size before relaxing)
 .debug_str     0x000000000006ed8d      0x25a Middlewares/Third_Party/FreeRTOS/Source/portable/MemMang/heap_4.o
                                       0xabcb (size before relaxing)

.comment        0x0000000000000000       0x7b
 .comment       0x0000000000000000       0x7b Core/Src/freertos.o
                                         0x7c (size before relaxing)
 .comment       0x000000000000007b       0x7c Core/Src/main.o
 .comment       0x000000000000007b       0x7c Core/Src/stm32f1xx_hal_msp.o
 .comment       0x000000000000007b       0x7c Core/Src/stm32f1xx_it.o
 .comment       0x000000000000007b       0x7c Core/Src/system_stm32f1xx.o
 .comment       0x000000000000007b       0x7c Drivers/STM32F1xx_HAL_Driver/Src/stm32f1xx_hal.o
 .comment       0x000000000000007b       0x7c Drivers/STM32F1xx_HAL_Driver/Src/stm32f1xx_hal_cortex.o
 .comment       0x000000000000007b       0x7c Drivers/STM32F1xx_HAL_Driver/Src/stm32f1xx_hal_gpio.o
 .comment       0x000000000000007b       0x7c Drivers/STM32F1xx_HAL_Driver/Src/stm32f1xx_hal_rcc.o
 .comment       0x000000000000007b       0x7c Middlewares/Third_Party/FreeRTOS/Source/CMSIS_RTOS/cmsis_os.o
 .comment       0x000000000000007b       0x7c Middlewares/Third_Party/FreeRTOS/Source/list.o
 .comment       0x000000000000007b       0x7c Middlewares/Third_Party/FreeRTOS/Source/tasks.o
 .comment       0x000000000000007b       0x7c Middlewares/Third_Party/FreeRTOS/Source/portable/GCC/ARM_CM3/port.o
 .comment       0x000000000000007b       0x7c Middlewares/Third_Party/FreeRTOS/Source/portable/MemMang/heap_4.o

.debug_frame    0x0000000000000000     0x2034
 .debug_frame   0x0000000000000000       0x38 Core/Src/freertos.o
 .debug_frame   0x0000000000000038       0xdc Core/Src/main.o
 .debug_frame   0x0000000000000114       0x34 Core/Src/stm32f1xx_hal_msp.o
 .debug_frame   0x0000000000000148       0xcc Core/Src/stm32f1xx_it.o
 .debug_frame   0x0000000000000214       0x58 Core/Src/system_stm32f1xx.o
 .debug_frame   0x000000000000026c      0x334 Drivers/STM32F1xx_HAL_Driver/Src/stm32f1xx_hal.o
 .debug_frame   0x00000000000005a0      0x428 Drivers/STM32F1xx_HAL_Driver/Src/stm32f1xx_hal_cortex.o
 .debug_frame   0x00000000000009c8      0x14c Drivers/STM32F1xx_HAL_Driver/Src/stm32f1xx_hal_gpio.o
 .debug_frame   0x0000000000000b14      0x21c Drivers/STM32F1xx_HAL_Driver/Src/stm32f1xx_hal_rcc.o
 .debug_frame   0x0000000000000d30      0x80c Middlewares/Third_Party/FreeRTOS/Source/CMSIS_RTOS/cmsis_os.o
 .debug_frame   0x000000000000153c       0xd8 Middlewares/Third_Party/FreeRTOS/Source/list.o
 .debug_frame   0x0000000000001614      0x734 Middlewares/Third_Party/FreeRTOS/Source/tasks.o
 .debug_frame   0x0000000000001d48      0x198 Middlewares/Third_Party/FreeRTOS/Source/portable/GCC/ARM_CM3/port.o
 .debug_frame   0x0000000000001ee0      0x108 Middlewares/Third_Party/FreeRTOS/Source/portable/MemMang/heap_4.o
 .debug_frame   0x0000000000001fe8       0x2c c:/st/stm32cubeide_1.0.2/stm32cubeide/plugins/com.st.stm32cube.ide.mcu.externaltools.gnu-tools-for-stm32.7-2018-q2-update.win32_1.0.0.201904181610/tools/bin/../lib/gcc/arm-none-eabi/7.3.1/../../../../arm-none-eabi/lib/thumb/v7-m\libc_nano.a(lib_a-init.o)
 .debug_frame   0x0000000000002014       0x20 c:/st/stm32cubeide_1.0.2/stm32cubeide/plugins/com.st.stm32cube.ide.mcu.externaltools.gnu-tools-for-stm32.7-2018-q2-update.win32_1.0.0.201904181610/tools/bin/../lib/gcc/arm-none-eabi/7.3.1/../../../../arm-none-eabi/lib/thumb/v7-m\libc_nano.a(lib_a-memset.o)
